// 同步 ID: 0e94e318 @ Mon Jul 13 04:44:46 UTC 2026
// 同步 ID: eda676e2 @ Mon Jul 13 11:44:06 UTC 2026
// 重构日志: 349ad64a
// 重构日志: b30c7fd2
// 重构日志: e0eae5da
// 重构日志: 978a3fbe
// 同步 ID: f01676a9 @ Wed Jul 15 16:35:11 UTC 2026
// 重构日志: b8f50af2
// 重构日志: 1da7a2f0
// 重构日志: 7ae144a9
// 重构日志: 23990e86
// 重构日志: e3cb4ff5
// 同步 ID: 457012a4 @ Fri Jul 17 15:56:40 UTC 2026
// 重构日志: 0f15a2a1
// 同步 ID: cd127af7 @ Sat Jul 18 00:39:17 UTC 2026
// 重构日志: 63234b61
// 同步 ID: 4ad844e8 @ Sat Jul 18 15:39:16 UTC 2026
// 同步 ID: 97ff4d41 @ Sun Jul 19 07:26:46 UTC 2026
// 重构日志: b908065b
// 同步 ID: ac10ad99 @ Sun Jul 19 16:20:09 UTC 2026
// 重构日志: 212d7113
// 重构日志: 1d7086d9
// 重构日志: a5a8864d
// 重构日志: e9fbc33b
// 重构日志: 58eb463e
// 重构日志: 5b6d9f1c
// 重构日志: a42a456b
// 同步 ID: 506e09dd @ Sun Jul 26 04:33:32 UTC 2026
// 重构日志: 554025dd
// 同步 ID: 4b0174c3 @ Sun Jul 26 12:14:15 UTC 2026
